#! /usr/bin/vvp
:ivl_version "11.0 (stable)";
:ivl_delay_selection "TYPICAL";
:vpi_time_precision - 12;
:vpi_module "/usr/lib/x86_64-linux-gnu/ivl/system.vpi";
:vpi_module "/usr/lib/x86_64-linux-gnu/ivl/vhdl_sys.vpi";
:vpi_module "/usr/lib/x86_64-linux-gnu/ivl/vhdl_textio.vpi";
:vpi_module "/usr/lib/x86_64-linux-gnu/ivl/v2005_math.vpi";
:vpi_module "/usr/lib/x86_64-linux-gnu/ivl/va_math.vpi";
S_0x5a3032a3e610 .scope module, "tb_valid_ready" "tb_valid_ready" 2 3;
 .timescale -9 -12;
P_0x5a3032a42a30 .param/l "PERIOD" 0 2 6, +C4<00000000000000000000000000001010>;
v0x5a3032a5e1d0_0 .var/i "casenum", 31 0;
v0x5a3032a5e2d0_0 .var "clk", 0 0;
v0x5a3032a5e390_0 .var "data_in", 7 0;
v0x5a3032a5e460_0 .net "data_out", 9 0, L_0x5a3032a5ea90;  1 drivers
v0x5a3032a5e530_0 .var/i "error", 31 0;
v0x5a3032a5e5d0_0 .var/i "i", 31 0;
v0x5a3032a5e690 .array "result", 2 0, 9 0;
v0x5a3032a5e750_0 .var "rst_n", 0 0;
v0x5a3032a5e7f0_0 .var "valid_in", 0 0;
v0x5a3032a5e950_0 .net "valid_out", 0 0, L_0x5a3032a5ea20;  1 drivers
S_0x5a3032a3e7f0 .scope module, "uut" "accu" 2 26, 3 1 0, S_0x5a3032a3e610;
 .timescale 0 0;
    .port_info 0 /INPUT 1 "clk";
    .port_info 1 /INPUT 1 "rst_n";
    .port_info 2 /INPUT 8 "data_in";
    .port_info 3 /INPUT 1 "valid_in";
    .port_info 4 /OUTPUT 1 "valid_out";
    .port_info 5 /OUTPUT 10 "data_out";
L_0x5a3032a5ea20 .functor BUFZ 1, v0x5a3032a5e050_0, C4<0>, C4<0>, C4<0>;
L_0x5a3032a5ea90 .functor BUFZ 10, v0x5a3032a5ddf0_0, C4<0000000000>, C4<0000000000>, C4<0000000000>;
v0x5a3032a3ea20_0 .net "clk", 0 0, v0x5a3032a5e2d0_0;  1 drivers
v0x5a3032a5da60_0 .var "count", 1 0;
v0x5a3032a5db40_0 .net "data_in", 7 0, v0x5a3032a5e390_0;  1 drivers
v0x5a3032a5dc00_0 .net "data_out", 9 0, L_0x5a3032a5ea90;  alias, 1 drivers
v0x5a3032a5dce0_0 .net "rst_n", 0 0, v0x5a3032a5e750_0;  1 drivers
v0x5a3032a5ddf0_0 .var "sum", 9 0;
v0x5a3032a5ded0_0 .net "valid_in", 0 0, v0x5a3032a5e7f0_0;  1 drivers
v0x5a3032a5df90_0 .net "valid_out", 0 0, L_0x5a3032a5ea20;  alias, 1 drivers
v0x5a3032a5e050_0 .var "valid_out_reg", 0 0;
E_0x5a3032a3ae50/0 .event negedge, v0x5a3032a5dce0_0;
E_0x5a3032a3ae50/1 .event posedge, v0x5a3032a3ea20_0;
E_0x5a3032a3ae50 .event/or E_0x5a3032a3ae50/0, E_0x5a3032a3ae50/1;
    .scope S_0x5a3032a3e7f0;
T_0 ;
    %wait E_0x5a3032a3ae50;
    %load/vec4 v0x5a3032a5dce0_0;
    %inv;
    %flag_set/vec4 8;
    %jmp/0xz  T_0.0, 8;
    %pushi/vec4 0, 0, 10;
    %assign/vec4 v0x5a3032a5ddf0_0, 0;
    %pushi/vec4 0, 0, 2;
    %assign/vec4 v0x5a3032a5da60_0, 0;
    %pushi/vec4 0, 0, 1;
    %assign/vec4 v0x5a3032a5e050_0, 0;
    %jmp T_0.1;
T_0.0 ;
    %load/vec4 v0x5a3032a5ded0_0;
    %flag_set/vec4 8;
    %jmp/0xz  T_0.2, 8;
    %load/vec4 v0x5a3032a5ddf0_0;
    %load/vec4 v0x5a3032a5db40_0;
    %pad/u 10;
    %add;
    %assign/vec4 v0x5a3032a5ddf0_0, 0;
    %load/vec4 v0x5a3032a5da60_0;
    %addi 1, 0, 2;
    %assign/vec4 v0x5a3032a5da60_0, 0;
    %load/vec4 v0x5a3032a5da60_0;
    %pad/u 32;
    %cmpi/e 3, 0, 32;
    %jmp/0xz  T_0.4, 4;
    %pushi/vec4 1, 0, 1;
    %assign/vec4 v0x5a3032a5e050_0, 0;
T_0.4 ;
    %jmp T_0.3;
T_0.2 ;
    %pushi/vec4 0, 0, 1;
    %assign/vec4 v0x5a3032a5e050_0, 0;
T_0.3 ;
T_0.1 ;
    %jmp T_0;
    .thread T_0;
    .scope S_0x5a3032a3e610;
T_1 ;
    %pushi/vec4 0, 0, 1;
    %store/vec4 v0x5a3032a5e2d0_0, 0, 1;
    %pushi/vec4 0, 0, 1;
    %store/vec4 v0x5a3032a5e750_0, 0, 1;
    %pushi/vec4 0, 0, 8;
    %store/vec4 v0x5a3032a5e390_0, 0, 8;
    %pushi/vec4 0, 0, 1;
    %store/vec4 v0x5a3032a5e7f0_0, 0, 1;
    %pushi/vec4 0, 0, 32;
    %store/vec4 v0x5a3032a5e1d0_0, 0, 32;
    %pushi/vec4 0, 0, 32;
    %store/vec4 v0x5a3032a5e530_0, 0, 32;
    %end;
    .thread T_1;
    .scope S_0x5a3032a3e610;
T_2 ;
T_2.0 ;
    %delay 5000, 0;
    %load/vec4 v0x5a3032a5e2d0_0;
    %inv;
    %store/vec4 v0x5a3032a5e2d0_0, 0, 1;
    %jmp T_2.0;
    %end;
    .thread T_2;
    .scope S_0x5a3032a3e610;
T_3 ;
    %delay 20000, 0;
    %pushi/vec4 1, 0, 1;
    %store/vec4 v0x5a3032a5e750_0, 0, 1;
    %end;
    .thread T_3;
    .scope S_0x5a3032a3e610;
T_4 ;
    %delay 10010, 0;
    %delay 10000, 0;
    %pushi/vec4 1, 0, 8;
    %store/vec4 v0x5a3032a5e390_0, 0, 8;
    %pushi/vec4 1, 0, 1;
    %store/vec4 v0x5a3032a5e7f0_0, 0, 1;
    %delay 10000, 0;
    %pushi/vec4 2, 0, 8;
    %store/vec4 v0x5a3032a5e390_0, 0, 8;
    %delay 10000, 0;
    %pushi/vec4 3, 0, 8;
    %store/vec4 v0x5a3032a5e390_0, 0, 8;
    %delay 10000, 0;
    %pushi/vec4 14, 0, 8;
    %store/vec4 v0x5a3032a5e390_0, 0, 8;
    %delay 10000, 0;
    %pushi/vec4 5, 0, 8;
    %store/vec4 v0x5a3032a5e390_0, 0, 8;
    %delay 10000, 0;
    %pushi/vec4 2, 0, 8;
    %store/vec4 v0x5a3032a5e390_0, 0, 8;
    %delay 10000, 0;
    %pushi/vec4 103, 0, 8;
    %store/vec4 v0x5a3032a5e390_0, 0, 8;
    %delay 10000, 0;
    %pushi/vec4 4, 0, 8;
    %store/vec4 v0x5a3032a5e390_0, 0, 8;
    %delay 10000, 0;
    %pushi/vec4 5, 0, 8;
    %store/vec4 v0x5a3032a5e390_0, 0, 8;
    %delay 10000, 0;
    %pushi/vec4 6, 0, 8;
    %store/vec4 v0x5a3032a5e390_0, 0, 8;
    %delay 10000, 0;
    %pushi/vec4 3, 0, 8;
    %store/vec4 v0x5a3032a5e390_0, 0, 8;
    %delay 10000, 0;
    %pushi/vec4 54, 0, 8;
    %store/vec4 v0x5a3032a5e390_0, 0, 8;
    %delay 20000, 0;
    %vpi_call 2 54 "$finish" {0 0 0};
    %end;
    .thread T_4;
    .scope S_0x5a3032a3e610;
T_5 ;
    %pushi/vec4 20, 0, 10;
    %ix/load 4, 0, 0;
    %flag_set/imm 4, 0;
    %store/vec4a v0x5a3032a5e690, 4, 0;
    %pushi/vec4 114, 0, 10;
    %ix/load 4, 1, 0;
    %flag_set/imm 4, 0;
    %store/vec4a v0x5a3032a5e690, 4, 0;
    %pushi/vec4 68, 0, 10;
    %ix/load 4, 2, 0;
    %flag_set/imm 4, 0;
    %store/vec4a v0x5a3032a5e690, 4, 0;
    %end;
    .thread T_5;
    .scope S_0x5a3032a3e610;
T_6 ;
    %pushi/vec4 0, 0, 32;
    %store/vec4 v0x5a3032a5e5d0_0, 0, 32;
T_6.0 ;
    %load/vec4 v0x5a3032a5e5d0_0;
    %cmpi/s 15, 0, 32;
    %jmp/0xz T_6.1, 5;
    %delay 10000, 0;
    %load/vec4 v0x5a3032a5e950_0;
    %flag_set/vec4 8;
    %jmp/0xz  T_6.2, 8;
    %load/vec4 v0x5a3032a5e460_0;
    %ix/getv/s 4, v0x5a3032a5e1d0_0;
    %load/vec4a v0x5a3032a5e690, 4;
    %cmp/e;
    %flag_mov 8, 4;
    %jmp/0 T_6.4, 8;
    %load/vec4 v0x5a3032a5e530_0;
    %jmp/1 T_6.5, 8;
T_6.4 ; End of true expr.
    %load/vec4 v0x5a3032a5e530_0;
    %addi 1, 0, 32;
    %jmp/0 T_6.5, 8;
 ; End of false expr.
    %blend;
T_6.5;
    %store/vec4 v0x5a3032a5e530_0, 0, 32;
    %load/vec4 v0x5a3032a5e1d0_0;
    %addi 1, 0, 32;
    %store/vec4 v0x5a3032a5e1d0_0, 0, 32;
T_6.2 ;
    %load/vec4 v0x5a3032a5e5d0_0;
    %addi 1, 0, 32;
    %store/vec4 v0x5a3032a5e5d0_0, 0, 32;
    %jmp T_6.0;
T_6.1 ;
    %load/vec4 v0x5a3032a5e530_0;
    %pushi/vec4 0, 0, 32;
    %cmp/e;
    %flag_get/vec4 4;
    %load/vec4 v0x5a3032a5e1d0_0;
    %pushi/vec4 3, 0, 32;
    %cmp/e;
    %flag_get/vec4 4;
    %and;
    %flag_set/vec4 8;
    %jmp/0xz  T_6.6, 8;
    %vpi_call 2 79 "$display", "===========Your Design Passed===========" {0 0 0};
    %jmp T_6.7;
T_6.6 ;
    %vpi_call 2 83 "$display", "===========Error===========" {0 0 0};
T_6.7 ;
    %vpi_call 2 85 "$finish" {0 0 0};
    %end;
    .thread T_6;
# The file index is used to find the file name in the following table.
:file_names 4;
    "N/A";
    "<interactive>";
    "testbench.v";
    "gpt_35_accu.v";
